// Jest Snapshot v1, https://goo.gl/fbAQLP

exports[`<Article /> Article will render without crashing 1`] = `
<div>
  <Container>
    <Header
      as="h1"
      padded="very"
    />
  </Container>
  <Container>
    <Container>
      <p />
    </Container>
  </Container>
  <Container
    textAlign="justified"
  >
    <Image
      as="img"
      src="https://images.pexels.com/photos/1591057/pexels-photo-1591057.jpeg?cs=srgb&dl=buttons-characters-concept-1591057.jpg&fm=jpg"
      ui={true}
    />
    <div
      className="ArticleBody"
    >
      body
      <Container />
    </div>
    <Grid
      columns={3}
      stackable={true}
    >
      <GridColumn>
        <Container
          textAlign="left"
        >
          <button
            className="LikeDislikeButton"
          >
            <Icon
              as="i"
              name="thumbs up outline"
              size="large"
            />
          </button>
           
          <span />
          <button
            className="LikeDislikeButton"
          >
            <Icon
              as="i"
              name="thumbs down outline"
              size="large"
            />
          </button>
          <span />
        </Container>
      </GridColumn>
      <GridColumn />
      <GridColumn>
        <Popup
          content="Report"
          disabled={false}
          keepInViewPort={true}
          on="hover"
          position="top left"
          trigger={
            <Link
              to="/articles/undefined/report"
            >
              <Icon
                as="i"
                name="flag"
                size="large"
              />
            </Link>
          }
        />
      </GridColumn>
    </Grid>
  </Container>
</div>
`;
