// Jest Snapshot v1, https://goo.gl/fbAQLP

exports[`App rendering tests renders consistently 1`] = `
<div
  className="app"
>
  <h5>
    Welcome to Authors Haven
  </h5>
</div>
`;

exports[`App rendering tests renders without crashing 1`] = `
<BrowserRouter>
  <div>
    <Switch>
      <Route
        component={[Function]}
        path="/login"
      />
      <Route
        component={[Function]}
        path="/signup"
      />
      <Connect(Layout)>
        <Route
          component={[Function]}
          exact={true}
          path="/"
        />
        <Route
          component={[Function]}
          exact={true}
          path="/articles/:slug"
        />
        <Route
          component={[Function]}
          exact={true}
          path="/articles"
        />
        <Route
          component={[Function]}
          exact={true}
          path="/articles/create"
        />
        <Route
          component={[Function]}
          exact={true}
          path="/articles/update/:slug"
        />
        <Route
          component={[Function]}
          path="/tags"
        />
        <Route
          component={[Function]}
          exact={true}
          path="/email-verification/:token"
        />
        <ToastContainer
          autoClose={5000}
          bodyClassName={null}
          className={null}
          closeButton={
            <CloseButton
              ariaLabel="close"
            />
          }
          closeOnClick={true}
          draggable={true}
          draggablePercent={80}
          hideProgressBar={false}
          newestOnTop={false}
          pauseOnFocusLoss={true}
          pauseOnHover={true}
          position="top-right"
          progressClassName={null}
          progressStyle={null}
          rtl={false}
          style={null}
          toastClassName={null}
          transition={[Function]}
        />
      </Connect(Layout)>
    </Switch>
  </div>
</BrowserRouter>
`;

exports[`App rendering tests renders without crashing 2`] = `
<BrowserRouter>
  <div>
    <Switch>
      <Route
        component={[Function]}
        path="/login"
      />
      <Route
        component={[Function]}
        path="/signup"
      />
      <Connect(Layout)>
        <Route
          component={[Function]}
          exact={true}
          path="/"
        />
        <Route
          component={[Function]}
          exact={true}
          path="/articles/:slug"
        />
        <Route
          component={[Function]}
          exact={true}
          path="/articles"
        />
        <Route
          component={[Function]}
          exact={true}
          path="/articles/create"
        />
        <Route
          component={[Function]}
          exact={true}
          path="/articles/update/:slug"
        />
        <Route
          component={[Function]}
          path="/tags"
        />
        <Route
          component={[Function]}
          exact={true}
          path="/email-verification/:token"
        />
        <ToastContainer
          autoClose={5000}
          bodyClassName={null}
          className={null}
          closeButton={
            <CloseButton
              ariaLabel="close"
            />
          }
          closeOnClick={true}
          draggable={true}
          draggablePercent={80}
          hideProgressBar={false}
          newestOnTop={false}
          pauseOnFocusLoss={true}
          pauseOnHover={true}
          position="top-right"
          progressClassName={null}
          progressStyle={null}
          rtl={false}
          style={null}
          toastClassName={null}
          transition={[Function]}
        />
      </Connect(Layout)>
    </Switch>
  </div>
</BrowserRouter>
`;
