// Jest Snapshot v1, https://goo.gl/fbAQLP

exports[`App rendering tests renders consistently 1`] = `
<div
  className="App"
>
  <h5>
    Welcome to Authors Haven
  </h5>
</div>
`;

exports[`App rendering tests renders without crashing 1`] = `
<BrowserRouter>
  <div>
    <Switch>
      <Route
        component={[Function]}
        path="/login"
      />
      <Route
        component={[Function]}
        path="/signup"
      />
      <Layout>
        <Route
          component={[Function]}
          exact={true}
          path="/"
        />
        <Route
          component={[Function]}
          path="/tags"
        />
        <Route
          component={[Function]}
          exact={true}
          path="/email-verification/:token"
        />
      </Layout>
    </Switch>
  </div>
</BrowserRouter>
`;

exports[`App rendering tests renders without crashing 2`] = `
<BrowserRouter>
  <div>
    <Switch>
      <Route
        component={[Function]}
        path="/login"
      />
      <Route
        component={[Function]}
        path="/signup"
      />
      <Layout>
        <Route
          component={[Function]}
          exact={true}
          path="/"
        />
        <Route
          component={[Function]}
          path="/tags"
        />
        <Route
          component={[Function]}
          exact={true}
          path="/email-verification/:token"
        />
      </Layout>
    </Switch>
  </div>
</BrowserRouter>
`;
