// Jest Snapshot v1, https://goo.gl/fbAQLP

exports[`Login renders login component correctly 1`] = `
<Login
  email=""
  loading={false}
  loginError="whsdhfish"
  onChangeHandler={[MockFunction]}
  onDismissHandler={[MockFunction]}
  onSubmitHandler={[MockFunction]}
  password=""
>
  <div
    className="LoginPage"
  >
    <Grid
      columns={2}
      stackable={true}
    >
      <div
        className="ui stackable two column grid"
      >
        <GridColumn
          width={7}
        >
          <div
            className="seven wide column"
          />
        </GridColumn>
        <GridColumn
          padded="very"
          width={8}
        >
          <div
            className="eight wide column"
            padded="very"
          >
            <Segment
              color="green"
              padded="very"
            >
              <div
                className="ui green very padded segment"
              >
                <Header
                  as="h1"
                  padded="very"
                  textAlign="center"
                >
                  <h1
                    className="ui center aligned header"
                    padded="very"
                  >
                    Author's Haven
                  </h1>
                </Header>
                <Header
                  as="h6"
                  style={
                    Object {
                      "color": "#008080",
                      "fontSize": "1em",
                      "marginTop": "5px",
                      "textAlign": "center",
                    }
                  }
                >
                  <h6
                    className="ui header"
                    style={
                      Object {
                        "color": "#008080",
                        "fontSize": "1em",
                        "marginTop": "5px",
                        "textAlign": "center",
                      }
                    }
                  >
                    A home for the creative at heart
                  </h6>
                </Header>
                <br />
                <Message
                  content="whsdhfish"
                  negative={true}
                  onDismiss={[MockFunction]}
                  style={
                    Object {
                      "margin": "auto",
                      "width": "50%",
                    }
                  }
                >
                  <div
                    className="ui negative message"
                    style={
                      Object {
                        "margin": "auto",
                        "width": "50%",
                      }
                    }
                  >
                    <Icon
                      as="i"
                      name="close"
                      onClick={[Function]}
                    >
                      <i
                        aria-hidden="true"
                        className="close icon"
                        onClick={[Function]}
                      />
                    </Icon>
                    <MessageContent>
                      <div
                        className="content"
                      >
                        <p>
                          whsdhfish
                        </p>
                      </div>
                    </MessageContent>
                  </div>
                </Message>
                <Form
                  as="form"
                  className="cardForm"
                  onSubmit={[MockFunction]}
                >
                  <form
                    className="ui form cardForm"
                    onSubmit={[Function]}
                  >
                    <center>
                      <FormField>
                        <div
                          className="field"
                        >
                          <input
                            name="email"
                            onChange={[MockFunction]}
                            placeholder="Email"
                            style={
                              Object {
                                "borderColor": "red",
                                "width": "50%",
                              }
                            }
                            type="text"
                            value=""
                          />
                          <div
                            style={
                              Object {
                                "color": "red",
                              }
                            }
                          >
                            Please enter a valid email
                          </div>
                        </div>
                      </FormField>
                      <FormField>
                        <div
                          className="field"
                        >
                          <input
                            name="password"
                            onChange={[MockFunction]}
                            placeholder="Password"
                            style={
                              Object {
                                "width": "50%",
                              }
                            }
                            type="password"
                            value=""
                          />
                        </div>
                      </FormField>
                      <FormButton
                        as={[Function]}
                        className="login"
                        control={[Function]}
                        loading={false}
                        type="submit"
                      >
                        <FormField
                          className="login"
                          control={[Function]}
                          loading={false}
                          type="submit"
                        >
                          <div
                            className="field login"
                          >
                            <Button
                              as="button"
                              loading={false}
                              type="submit"
                            >
                              <button
                                className="ui button"
                                onClick={[Function]}
                                type="submit"
                              >
                                Sign in
                              </button>
                            </Button>
                          </div>
                        </FormField>
                      </FormButton>
                    </center>
                  </form>
                </Form>
                <Divider
                  horizontal={true}
                >
                  <div
                    className="ui horizontal divider"
                  >
                    Or
                  </div>
                </Divider>
                <br />
                <div
                  className="spaceComponents"
                >
                  <Header
                    padded="very"
                    style={
                      Object {
                        "color": "#008080",
                      }
                    }
                    textAlign="center"
                  >
                    <div
                      className="ui center aligned header"
                      padded="very"
                      style={
                        Object {
                          "color": "#008080",
                        }
                      }
                    >
                      Sign up
                    </div>
                  </Header>
                </div>
              </div>
            </Segment>
          </div>
        </GridColumn>
      </div>
    </Grid>
  </div>
</Login>
`;
